[2026-05-07T00:00:00Z] [PHASE 0] Project setup started
[2026-05-07T00:00:01Z] [PHASE 0] Slug: csa-helper-runtime, region: eastus2, env: dev, deploy: false, runtime: local, factory: false
[2026-05-07T00:00:02Z] [PHASE 0] Project setup complete -> projects/csa-helper-runtime/
[2026-05-07T00:01:00Z] [PHASE 1] Architecture diagram + companion notes generated -> projects/csa-helper-runtime/diagrams/
[2026-05-07T00:01:01Z] [PHASE 1.5] Skipped - BRD.implementation.agents is empty
[2026-05-07T00:05:00Z] [PHASE 2] Implementation scaffolded (python) -> projects/csa-helper-runtime/src/, projects/csa-helper-runtime/infra/
[2026-05-07T00:06:00Z] [PHASE 2.5] Alignment iteration 1/5 -> gaps_found: 0
[2026-05-07T00:06:01Z] [PHASE 2.5] Alignment iteration 2/5 -> gaps_found: 0
[2026-05-07T00:06:02Z] [PHASE 2.5] Alignment iteration 3/5 -> gaps_found: 0
[2026-05-07T00:06:03Z] [PHASE 2.5] Alignment converged after 3 iterations (converged)
[2026-05-07T00:07:00Z] [PHASE 2.6] Security iteration 1/3 -> critical: 0, major: 0, minor: 1
[2026-05-07T00:07:01Z] [PHASE 2.6] Security gate passed after 1 iterations
[2026-05-07T00:08:00Z] [PHASE 2.7] Error-handling iteration 1/3 -> critical: 0, major: 0, minor: 0 (services audited: 1)
[2026-05-07T00:08:01Z] [PHASE 2.7] Error-handling gate passed after 1 iterations
[2026-05-07T00:09:00Z] [PHASE 2.8] Scalability iteration 1/3 -> critical: 0, major: 0, minor: 1
[2026-05-07T00:09:01Z] [PHASE 2.8] Scalability gate passed after 1 iterations
[2026-05-07T00:10:00Z] [PHASE 3] Infrastructure validated (bicep) -> az bicep build OK (0 errors, 1 lint warning)
[2026-05-07T00:11:00Z] [PHASE 3.7] Test iteration 1/5 -> cases: 5 (new: 5), failures: 0
[2026-05-07T00:11:01Z] [PHASE 3.7] Test convergence complete after 1 iteration (converged, pass_rate: 100.0%)
[2026-05-07T00:12:00Z] [PHASE 4] Production review complete -> 0 blockers
[2026-05-07T00:12:01Z] [PHASE 4.5] Skipped - deploy: false
[2026-05-07T00:12:02Z] [PHASE 5] Skipped - deploy: false
[2026-05-07T00:12:03Z] [PHASE 6] Skipped - factory: false
[2026-05-07T00:12:04Z] [PHASE 7] Project finalized -> README.md, DEPLOY.md, project-manifest.json
